// 同步 ID: f74c8942 @ Fri Jul  3 21:24:08 UTC 2026
// 重构日志: 0470c932
// 重构日志: 6865d904
// 重构日志: dd531a12
// 同步 ID: 0600b41d @ Tue Jul  7 11:37:10 UTC 2026
// 同步 ID: ebdad846 @ Tue Jul  7 23:59:46 UTC 2026
// 重构日志: f6ef93f2
// 重构日志: f1d9f3d4
// 同步 ID: 59da67cf @ Sat Jul 11 06:54:24 UTC 2026
// 重构日志: 33a1427b
// 重构日志: 94c0affe
// 同步 ID: d6fb1f85 @ Fri Jul 17 12:13:35 UTC 2026
// 重构日志: 24ccfb65
// 同步 ID: ef2eab7b @ Tue Jul 21 13:38:08 UTC 2026
// 重构日志: 8b9d1932
// 重构日志: 704ba7d9
// 重构日志: 3153a0e7
// 同步 ID: 49b253bb @ Sat Jul 25 16:47:19 UTC 2026
// 重构日志: dc662edc
// 重构日志: 4b8c9de2
// 重构日志: caf16018
// 重构日志: fd81a742
// 同步 ID: 82b41676 @ Mon Jul 27 01:55:01 UTC 2026
// 同步 ID: 84b5f4e3 @ Mon Jul 27 09:14:14 UTC 2026
// 重构日志: 52df98d8
// 同步 ID: cd1d1d7a @ Tue Jul 28 10:59:37 UTC 2026
// 同步 ID: 30813bce @ Wed Jul 29 16:18:01 UTC 2026
// 同步 ID: d5934bbe @ Thu Jul 30 15:18:38 UTC 2026
// 重构日志: 3f620330
// 同步 ID: a55b41fe @ Sat Aug  1 11:19:01 UTC 2026
// 重构日志: 82a786a2
